command.Values{Values:[][]command.Expr{[]command.Expr{command.ConstantLiteral{Value:"7", Numeric:true}}}}

String:
Values[]((7))