command.Values{Values:[][]command.Expr{[]command.Expr{command.UnaryNegativeExpr{UnaryBase:command.UnaryBase{Value:command.LiteralExpr{Value:"7"}}}}}}

String:
Values[]((- 7))