command.Update{UpdateOr:0x5, Table:command.SimpleTable{Schema:"", Table:"myTable", Alias:"", Indexed:false, Index:""}, Updates:[]command.UpdateSetter{command.UpdateSetter{Cols:[]string{"myCol"}, Value:command.ConstantLiteral{Value:"7", Numeric:true}}}, Filter:command.ConstantBooleanExpr{Value:true}}

String:
Update[or=UpdateOrIgnore,table=myTable,sets=((myCol)=7),filter=true]