command.Update{UpdateOr:0x4, Table:command.SimpleTable{Schema:"", Table:"myTable", Alias:"", Indexed:false, Index:""}, Updates:[]command.UpdateSetter{command.UpdateSetter{Cols:[]string{"myCol"}, Value:command.LiteralExpr{Value:"7"}}}, Filter:command.EqualityExpr{BinaryBase:command.BinaryBase{Left:command.LiteralExpr{Value:"myOtherCol"}, Right:command.LiteralExpr{Value:"9"}}, Invert:false}}

String:
Update[or=UpdateOrFail,table=myTable,sets=((myCol)=7),filter=myOtherCol==9]