command.Values{Values:[][]command.Expr{[]command.Expr{command.ConstantLiteral{Value:"1", Numeric:true}, command.ConstantLiteral{Value:"2", Numeric:true}, command.ConstantLiteral{Value:"3", Numeric:true}}, []command.Expr{command.ConstantLiteral{Value:"4", Numeric:true}, command.ConstantLiteral{Value:"5", Numeric:true}, command.ConstantLiteral{Value:"6", Numeric:true}}, []command.Expr{command.ConstantLiteral{Value:"7", Numeric:true}, command.ConstantLiteral{Value:"8", Numeric:true}, command.ConstantLiteral{Value:"9", Numeric:true}}}}

String:
Values[]((1,2,3),(4,5,6),(7,8,9))